// Jest Snapshot v1, https://goo.gl/fbAQLP

exports[`preubas en el componebnete <AddCategoy/>  debe mostrar el componente 1`] = `
<form
  onSubmit={[Function]}
>
  <p />
  <input
    onChange={[Function]}
    type="text"
    value=""
  />
</form>
`;
